// Jest Snapshot v1, https://goo.gl/fbAQLP

exports[`Form markUp 1`] = `
<form
  className="someClassName"
  onReset={[Function]}
  onSubmit={[Function]}
>
  <Children />
</form>
`;
